====================================================================================
TtbarIdExtender CRAB PREFLIGHT (read-only)
  datasets    : /sessions/magical-wonderful-fermi/mnt/NtuplizerDev/TTHHGenCategoryTools/TtbarIdExtender/crab/datasets.yaml
  site config : /sessions/magical-wonderful-fermi/mnt/NtuplizerDev/TTHHGenCategoryTools/TtbarIdExtender/crab/site_config.yaml
  era filter  : ['2018']
  proc filter : ['TTbb_DiLep']
  DAS check   : ON (--check-das)
  time        : 2026-07-27T19:33:44
====================================================================================
[FAIL] env CMSSW_BASE                         unset -- run cmsenv inside CMSSW_10_6_32_patch1/src
[FAIL] CRABClient import                      No module named 'CRABClient' -- source /cvmfs/cms.cern.ch/common/crab-setup.sh
[FAIL] VOMS proxy                             voms-proxy-info unusable: [Errno 2] No such file or directory: 'voms-proxy-info'
[PASS] pset present                           /sessions/magical-wonderful-fermi/mnt/NtuplizerDev/TTHHGenCategoryTools/TtbarIdExtender/test/run_ttbarIdExtend_cfg.py
[PASS] pset compiles                          syntax ok (import-time behaviour not tested)
[PASS] pset year option                       present -- submitter passes year=<era>
[PASS] out_lfn_base                           /store/user/junghyun/TTHHGenCategoryTools/ttbarIdExtend_v2
[PASS] storage site                           T3_CH_CERNBOX
[PASS] work_area                              crab_projects
[PASS] datasets.yaml eras                     2017, 2018
------------------------------------------------------------------------------------
era 2018  (global_tag: 106X_upgrade2018_realistic_v16_L1v1 | era_modifiers: ['Run2_2018', 'run2_nanoAOD_106Xv2'])
[PASS] 2018/TTbb_DiLep state                  enabled+verified; campaign-era ok, primary match
        requestName=TTbb_DiLep_2018_extend             outLFN=/store/user/junghyun/TTHHGenCategoryTools/ttbarIdExtend_v2/2018
------------------------------------------------------------------------------------
[PASS] selected datasets                      1 (enabled=1, verified=1)
------------------------------------------------------------------------------------
[PASS] DAS 2018/TTbb_DiLep mini               nevents=4,792,850
[PASS] DAS 2018/TTbb_DiLep nano               nevents=4,792,850
------------------------------------------------------------------------------------
PREFLIGHT SUMMARY: 11 PASS, 0 WARN, 3 FAIL
RESULT: NOT READY TO SUBMIT -- fix the FAIL items above.
