### resolve_parents.sh — ERA=2018 (nano campaign: RunIISummer20UL18NanoAODv9)
============================================================
[TT4b]
  nano_child : /TT4b_TuneCP5_13TeV_madgraph_pythia8/RunIISummer20UL18NanoAODv9-106X_upgrade2018_realistic_v16_L1v1-v2/NANOAODSIM
  PARENT (from DAS) : /TT4b_TuneCP5_13TeV_madgraph_pythia8/RunIISummer20UL18MiniAODv2-106X_upgrade2018_realistic_v16_L1v1-v2/MINIAODSIM
============================================================
[TTbar_SemiLep]
  nano_child : /TTToSemiLeptonic_TuneCP5_13TeV-powheg-pythia8/RunIISummer20UL18NanoAODv9-106X_upgrade2018_realistic_v16_L1v1-v1/NANOAODSIM
  PARENT (from DAS) : /TTToSemiLeptonic_TuneCP5_13TeV-powheg-pythia8/RunIISummer20UL18MiniAODv2-106X_upgrade2018_realistic_v16_L1v1-v2/MINIAODSIM
============================================================
[TTbar_Hadronic]
  nano_child : /TTToHadronic_TuneCP5_13TeV-powheg-pythia8/RunIISummer20UL18NanoAODv9-106X_upgrade2018_realistic_v16_L1v1-v1/NANOAODSIM
  PARENT (from DAS) : /TTToHadronic_TuneCP5_13TeV-powheg-pythia8/RunIISummer20UL18MiniAODv2-106X_upgrade2018_realistic_v16_L1v1-v1/MINIAODSIM
============================================================
[TTbar_DiLep]
  nano_child : /TTTo2L2Nu_TuneCP5_13TeV-powheg-pythia8/RunIISummer20UL18NanoAODv9-106X_upgrade2018_realistic_v16_L1v1-v1/NANOAODSIM
  PARENT (from DAS) : /TTTo2L2Nu_TuneCP5_13TeV-powheg-pythia8/RunIISummer20UL18MiniAODv2-106X_upgrade2018_realistic_v16_L1v1-v1/MINIAODSIM
============================================================
[TTbb_SemiLep]
  nano_child : /TTbb_4f_TTToSemiLeptonic_TuneCP5-Powheg-Openloops-Pythia8/RunIISummer20UL18NanoAODv9-106X_upgrade2018_realistic_v16_L1v1-v1/NANOAODSIM
  PARENT (from DAS) : /TTbb_4f_TTToSemiLeptonic_TuneCP5-Powheg-Openloops-Pythia8/RunIISummer20UL18MiniAODv2-106X_upgrade2018_realistic_v16_L1v1-v1/MINIAODSIM
============================================================
[TTbb_Hadronic]
  nano_child : /TTbb_4f_TTToHadronic_TuneCP5-Powheg-Openloops-Pythia8/RunIISummer20UL18NanoAODv9-106X_upgrade2018_realistic_v16_L1v1-v1/NANOAODSIM
  PARENT (from DAS) : /TTbb_4f_TTToHadronic_TuneCP5-Powheg-Openloops-Pythia8/RunIISummer20UL18MiniAODv2-106X_upgrade2018_realistic_v16_L1v1-v1/MINIAODSIM
============================================================
[TTbb_DiLep]
  nano_child : /TTbb_4f_TTTo2L2Nu_TuneCP5-Powheg-Openloops-Pythia8/RunIISummer20UL18NanoAODv9-106X_upgrade2018_realistic_v16_L1v1-v1/NANOAODSIM
  PARENT (from DAS) : /TTbb_4f_TTTo2L2Nu_TuneCP5-Powheg-Openloops-Pythia8/RunIISummer20UL18MiniAODv2-106X_upgrade2018_realistic_v16_L1v1-v1/MINIAODSIM
============================================================
Paste each PARENT string into the matching 'dataset:' field in
datasets.yaml, then set 'verified: true' for that entry.
